2025/10/22 19:53:40 failed to sufficiently increase receive buffer size (was: 208 kiB, wanted: 7168 kiB, got: 416 kiB). See https://github.com/quic-go/quic-go/wiki/UDP-Buffer-Sizes for details.
2025/10/22 19:53:58 Panic: runtime error: invalid memory address or nil pointer dereference
Stack trace:
goroutine 1 [running]:
runtime/debug.Stack()
	/usr/lib/go/src/runtime/debug/stack.go:26 +0x5e
main.run.func1()
	/home/bitraven/Documents/Project/Hillside/cmd/client/main.go:27 +0x3f
panic({0x14a0960?, 0x2530c60?})
	/usr/lib/go/src/runtime/panic.go:783 +0x132
github.com/rivo/tview.(*Application).Run.func1()
	/home/bitraven/go/pkg/mod/github.com/rivo/tview@v0.0.0-20250501113434-0c592cd31026/application.go:297 +0x45
panic({0x14a0960?, 0x2530c60?})
	/usr/lib/go/src/runtime/panic.go:783 +0x132
hillside/internal/client.(*Client).fetchMessagesFromDB(0xc000417b60, {0xc00355db40, 0x10})
	/home/bitraven/Documents/Project/Hillside/internal/client/helpers_messages.go:39 +0x438
hillside/internal/client.(*Client).chatHandler(0xc000417b60)
	/home/bitraven/Documents/Project/Hillside/internal/client/chat.go:25 +0x325
hillside/internal/client.(*Client).JoinRoomHandler(0xc000417b60, {0xc004263be0, 0x10}, {0x0, 0x0})
	/home/bitraven/Documents/Project/Hillside/internal/client/handlers_room.go:103 +0xaa5
hillside/internal/ui.(*ChatScreen).UpdateRoomList.(*ChatScreen).UpdateRoomList.func2.func3()
	/home/bitraven/Documents/Project/Hillside/internal/ui/chat.go:164 +0xa9
github.com/rivo/tview.(*List).MouseHandler.func1(0x7cf8?, 0xc000a92990, 0xc00041da00?)
	/home/bitraven/go/pkg/mod/github.com/rivo/tview@v0.0.0-20250501113434-0c592cd31026/list.go:742 +0x10a
github.com/rivo/tview.(*List).MouseHandler.(*Box).WrapMouseHandler.func2(0x7680?, 0xc0038d78a8?, 0x420d25?)
	/home/bitraven/go/pkg/mod/github.com/rivo/tview@v0.0.0-20250501113434-0c592cd31026/box.go:230 +0x58
github.com/rivo/tview.(*Flex).MouseHandler.func1(0x3, 0xc000a92990, 0xc001383bc0)
	/home/bitraven/go/pkg/mod/github.com/rivo/tview@v0.0.0-20250501113434-0c592cd31026/flex.go:239 +0xc3
github.com/rivo/tview.(*Flex).MouseHandler.(*Box).WrapMouseHandler.func2(0x8510?, 0xc0038d7918?, 0x420d25?)
	/home/bitraven/go/pkg/mod/github.com/rivo/tview@v0.0.0-20250501113434-0c592cd31026/box.go:230 +0x58
github.com/rivo/tview.(*Flex).MouseHandler.func1(0x3, 0xc000a92990, 0xc001383bc0)
	/home/bitraven/go/pkg/mod/github.com/rivo/tview@v0.0.0-20250501113434-0c592cd31026/flex.go:239 +0xc3
github.com/rivo/tview.(*Flex).MouseHandler.(*Box).WrapMouseHandler.func2(0x8570?, 0xc0038d7988?, 0x420d25?)
	/home/bitraven/go/pkg/mod/github.com/rivo/tview@v0.0.0-20250501113434-0c592cd31026/box.go:230 +0x58
github.com/rivo/tview.(*Flex).MouseHandler.func1(0x3, 0xc000a92990, 0xc001383bc0)
	/home/bitraven/go/pkg/mod/github.com/rivo/tview@v0.0.0-20250501113434-0c592cd31026/flex.go:239 +0xc3
github.com/rivo/tview.(*Flex).MouseHandler.(*Box).WrapMouseHandler.func2(0x84e0?, 0x47ec85?, 0x10?)
	/home/bitraven/go/pkg/mod/github.com/rivo/tview@v0.0.0-20250501113434-0c592cd31026/box.go:230 +0x58
github.com/rivo/tview.(*Pages).MouseHandler.func1(0x3, 0xc000a92990, 0xc001383bc0)
	/home/bitraven/go/pkg/mod/github.com/rivo/tview@v0.0.0-20250501113434-0c592cd31026/pages.go:306 +0xca
github.com/rivo/tview.(*Pages).MouseHandler.(*Box).WrapMouseHandler.func2(0x86f0?, 0x45fa85?, 0xc0038d7ce0?)
	/home/bitraven/go/pkg/mod/github.com/rivo/tview@v0.0.0-20250501113434-0c592cd31026/box.go:230 +0x58
github.com/rivo/tview.(*Application).fireMouseActions.func1(0x96a4?)
	/home/bitraven/go/pkg/mod/github.com/rivo/tview@v0.0.0-20250501113434-0c592cd31026/application.go:534 +0x182
github.com/rivo/tview.(*Application).fireMouseActions(0xc0001681c0, 0xc000a92990)
	/home/bitraven/go/pkg/mod/github.com/rivo/tview@v0.0.0-20250501113434-0c592cd31026/application.go:571 +0x2ad
github.com/rivo/tview.(*Application).Run(0xc0001681c0)
	/home/bitraven/go/pkg/mod/github.com/rivo/tview@v0.0.0-20250501113434-0c592cd31026/application.go:470 +0xa05
hillside/internal/client.StartClientApp(0x1770)
	/home/bitraven/Documents/Project/Hillside/internal/client/client.go:73 +0x6e5
main.run()
	/home/bitraven/Documents/Project/Hillside/cmd/client/main.go:36 +0xc9
main.main()
	/home/bitraven/Documents/Project/Hillside/cmd/client/main.go:21 +0x7d
2025/10/22 19:56:04 failed to sufficiently increase receive buffer size (was: 208 kiB, wanted: 7168 kiB, got: 416 kiB). See https://github.com/quic-go/quic-go/wiki/UDP-Buffer-Sizes for details.
2025/10/22 20:15:33 failed to sufficiently increase receive buffer size (was: 208 kiB, wanted: 7168 kiB, got: 416 kiB). See https://github.com/quic-go/quic-go/wiki/UDP-Buffer-Sizes for details.
2025/10/22 20:41:31 failed to sufficiently increase receive buffer size (was: 208 kiB, wanted: 7168 kiB, got: 416 kiB). See https://github.com/quic-go/quic-go/wiki/UDP-Buffer-Sizes for details.
2025/10/22 20:41:53 Panic: runtime error: invalid memory address or nil pointer dereference
Stack trace:
goroutine 1 [running]:
runtime/debug.Stack()
	/usr/lib/go/src/runtime/debug/stack.go:26 +0x5e
main.run.func1()
	/home/bitraven/Documents/Project/Hillside/cmd/client/main.go:27 +0x3f
panic({0x14a1a60?, 0x2531c60?})
	/usr/lib/go/src/runtime/panic.go:783 +0x132
github.com/rivo/tview.(*Application).Run.func1()
	/home/bitraven/go/pkg/mod/github.com/rivo/tview@v0.0.0-20250501113434-0c592cd31026/application.go:297 +0x45
panic({0x14a1a60?, 0x2531c60?})
	/usr/lib/go/src/runtime/panic.go:783 +0x132
hillside/internal/client.(*CtxWithCancel).Cancel(...)
	/home/bitraven/Documents/Project/Hillside/internal/client/contexts.go:15
hillside/internal/client.(*Client).JoinRoomHandler(0xc000423200, {0xc001be1620, 0x10}, {0x0, 0x0})
	/home/bitraven/Documents/Project/Hillside/internal/client/handlers_room.go:102 +0xaa4
hillside/internal/ui.(*ChatScreen).UpdateRoomList.(*ChatScreen).UpdateRoomList.func2.func3()
	/home/bitraven/Documents/Project/Hillside/internal/ui/chat.go:164 +0xa9
github.com/rivo/tview.(*List).MouseHandler.func1(0x7b0?, 0xc002003380, 0xc000457200?)
	/home/bitraven/go/pkg/mod/github.com/rivo/tview@v0.0.0-20250501113434-0c592cd31026/list.go:742 +0x10a
github.com/rivo/tview.(*List).MouseHandler.(*Box).WrapMouseHandler.func2(0x23c0?, 0xc00005d8a8?, 0x420d25?)
	/home/bitraven/go/pkg/mod/github.com/rivo/tview@v0.0.0-20250501113434-0c592cd31026/box.go:230 +0x58
github.com/rivo/tview.(*Flex).MouseHandler.func1(0x3, 0xc002003380, 0xc00207b6b0)
	/home/bitraven/go/pkg/mod/github.com/rivo/tview@v0.0.0-20250501113434-0c592cd31026/flex.go:239 +0xc3
github.com/rivo/tview.(*Flex).MouseHandler.(*Box).WrapMouseHandler.func2(0x3b30?, 0xc00005d918?, 0x420d25?)
	/home/bitraven/go/pkg/mod/github.com/rivo/tview@v0.0.0-20250501113434-0c592cd31026/box.go:230 +0x58
github.com/rivo/tview.(*Flex).MouseHandler.func1(0x3, 0xc002003380, 0xc00207b6b0)
	/home/bitraven/go/pkg/mod/github.com/rivo/tview@v0.0.0-20250501113434-0c592cd31026/flex.go:239 +0xc3
github.com/rivo/tview.(*Flex).MouseHandler.(*Box).WrapMouseHandler.func2(0x3b90?, 0xc00005d988?, 0x420d25?)
	/home/bitraven/go/pkg/mod/github.com/rivo/tview@v0.0.0-20250501113434-0c592cd31026/box.go:230 +0x58
github.com/rivo/tview.(*Flex).MouseHandler.func1(0x3, 0xc002003380, 0xc00207b6b0)
	/home/bitraven/go/pkg/mod/github.com/rivo/tview@v0.0.0-20250501113434-0c592cd31026/flex.go:239 +0xc3
github.com/rivo/tview.(*Flex).MouseHandler.(*Box).WrapMouseHandler.func2(0x3b00?, 0x47ec85?, 0x10?)
	/home/bitraven/go/pkg/mod/github.com/rivo/tview@v0.0.0-20250501113434-0c592cd31026/box.go:230 +0x58
github.com/rivo/tview.(*Pages).MouseHandler.func1(0x3, 0xc002003380, 0xc00207b6b0)
	/home/bitraven/go/pkg/mod/github.com/rivo/tview@v0.0.0-20250501113434-0c592cd31026/pages.go:306 +0xca
github.com/rivo/tview.(*Pages).MouseHandler.(*Box).WrapMouseHandler.func2(0x3d10?, 0x45fa85?, 0xc00005dce0?)
	/home/bitraven/go/pkg/mod/github.com/rivo/tview@v0.0.0-20250501113434-0c592cd31026/box.go:230 +0x58
github.com/rivo/tview.(*Application).fireMouseActions.func1(0xfae3?)
	/home/bitraven/go/pkg/mod/github.com/rivo/tview@v0.0.0-20250501113434-0c592cd31026/application.go:534 +0x182
github.com/rivo/tview.(*Application).fireMouseActions(0xc0000000e0, 0xc002003380)
	/home/bitraven/go/pkg/mod/github.com/rivo/tview@v0.0.0-20250501113434-0c592cd31026/application.go:571 +0x2ad
github.com/rivo/tview.(*Application).Run(0xc0000000e0)
	/home/bitraven/go/pkg/mod/github.com/rivo/tview@v0.0.0-20250501113434-0c592cd31026/application.go:470 +0xa05
hillside/internal/client.StartClientApp(0x1770)
	/home/bitraven/Documents/Project/Hillside/internal/client/client.go:73 +0x6e5
main.run()
	/home/bitraven/Documents/Project/Hillside/cmd/client/main.go:36 +0xc9
main.main()
	/home/bitraven/Documents/Project/Hillside/cmd/client/main.go:21 +0x7d
2025/10/22 20:43:57 failed to sufficiently increase receive buffer size (was: 208 kiB, wanted: 7168 kiB, got: 416 kiB). See https://github.com/quic-go/quic-go/wiki/UDP-Buffer-Sizes for details.
2025/10/23 08:59:47 failed to sufficiently increase receive buffer size (was: 208 kiB, wanted: 7168 kiB, got: 416 kiB). See https://github.com/quic-go/quic-go/wiki/UDP-Buffer-Sizes for details.
2025/10/23 09:00:44 failed to sufficiently increase receive buffer size (was: 208 kiB, wanted: 7168 kiB, got: 416 kiB). See https://github.com/quic-go/quic-go/wiki/UDP-Buffer-Sizes for details.
2025/10/23 09:07:26 failed to sufficiently increase receive buffer size (was: 208 kiB, wanted: 7168 kiB, got: 416 kiB). See https://github.com/quic-go/quic-go/wiki/UDP-Buffer-Sizes for details.
2025/10/23 09:07:31 failed to sufficiently increase receive buffer size (was: 208 kiB, wanted: 7168 kiB, got: 416 kiB). See https://github.com/quic-go/quic-go/wiki/UDP-Buffer-Sizes for details.
2025/10/23 09:12:50 failed to sufficiently increase receive buffer size (was: 208 kiB, wanted: 7168 kiB, got: 416 kiB). See https://github.com/quic-go/quic-go/wiki/UDP-Buffer-Sizes for details.
2025/10/23 09:12:55 failed to sufficiently increase receive buffer size (was: 208 kiB, wanted: 7168 kiB, got: 416 kiB). See https://github.com/quic-go/quic-go/wiki/UDP-Buffer-Sizes for details.
2025/10/23 09:14:41 failed to sufficiently increase receive buffer size (was: 208 kiB, wanted: 7168 kiB, got: 416 kiB). See https://github.com/quic-go/quic-go/wiki/UDP-Buffer-Sizes for details.
2025/10/23 09:14:45 failed to sufficiently increase receive buffer size (was: 208 kiB, wanted: 7168 kiB, got: 416 kiB). See https://github.com/quic-go/quic-go/wiki/UDP-Buffer-Sizes for details.
2025/10/23 09:24:49 failed to sufficiently increase receive buffer size (was: 208 kiB, wanted: 7168 kiB, got: 416 kiB). See https://github.com/quic-go/quic-go/wiki/UDP-Buffer-Sizes for details.
2025/10/23 09:24:54 failed to sufficiently increase receive buffer size (was: 208 kiB, wanted: 7168 kiB, got: 416 kiB). See https://github.com/quic-go/quic-go/wiki/UDP-Buffer-Sizes for details.
2025/10/23 09:30:34 failed to sufficiently increase receive buffer size (was: 208 kiB, wanted: 7168 kiB, got: 416 kiB). See https://github.com/quic-go/quic-go/wiki/UDP-Buffer-Sizes for details.
2025/10/23 09:30:37 failed to sufficiently increase receive buffer size (was: 208 kiB, wanted: 7168 kiB, got: 416 kiB). See https://github.com/quic-go/quic-go/wiki/UDP-Buffer-Sizes for details.
2025/10/23 09:34:03 failed to sufficiently increase receive buffer size (was: 208 kiB, wanted: 7168 kiB, got: 416 kiB). See https://github.com/quic-go/quic-go/wiki/UDP-Buffer-Sizes for details.
2025/10/23 09:34:07 failed to sufficiently increase receive buffer size (was: 208 kiB, wanted: 7168 kiB, got: 416 kiB). See https://github.com/quic-go/quic-go/wiki/UDP-Buffer-Sizes for details.
2025/10/23 09:39:05 Failed to run UI: EOF
2025/10/23 09:39:05 Failed to run UI: EOF
2025/10/23 10:08:50 failed to sufficiently increase receive buffer size (was: 208 kiB, wanted: 7168 kiB, got: 416 kiB). See https://github.com/quic-go/quic-go/wiki/UDP-Buffer-Sizes for details.
2025/10/23 10:08:55 failed to sufficiently increase receive buffer size (was: 208 kiB, wanted: 7168 kiB, got: 416 kiB). See https://github.com/quic-go/quic-go/wiki/UDP-Buffer-Sizes for details.
2025/10/23 10:10:11 failed to sufficiently increase receive buffer size (was: 208 kiB, wanted: 7168 kiB, got: 416 kiB). See https://github.com/quic-go/quic-go/wiki/UDP-Buffer-Sizes for details.
2025/10/23 10:10:16 failed to sufficiently increase receive buffer size (was: 208 kiB, wanted: 7168 kiB, got: 416 kiB). See https://github.com/quic-go/quic-go/wiki/UDP-Buffer-Sizes for details.
2025/10/23 10:12:07 failed to sufficiently increase receive buffer size (was: 208 kiB, wanted: 7168 kiB, got: 416 kiB). See https://github.com/quic-go/quic-go/wiki/UDP-Buffer-Sizes for details.
2025/10/23 10:15:27 failed to sufficiently increase receive buffer size (was: 208 kiB, wanted: 7168 kiB, got: 416 kiB). See https://github.com/quic-go/quic-go/wiki/UDP-Buffer-Sizes for details.
2025/10/23 10:18:31 failed to sufficiently increase receive buffer size (was: 208 kiB, wanted: 7168 kiB, got: 416 kiB). See https://github.com/quic-go/quic-go/wiki/UDP-Buffer-Sizes for details.
